Script started on Mon 28 Jan 2019 12:05:50 AM MST
user@csvm-Virtualbox:~/Documents/cs496$ cp i ~/Documents/GoGui/libxslt-1.1.33/go gui/bin$ ./gogui-regress ~/Documents/cs496/presubmission/assignment1/Go0.py ~/Do cuments/cs496/presubmission/assignment1/assignment1-public-tests.gtp
cp: target â€˜/home/user/Documents/cs496/presubmission/assignment1/assignment1-public-tests.gtpâ€™ is not a directory
user@csvm-Virtualbox:~/Documents/cs496$ cp i ~/Documents/GoGui/libxslt-1.1.33/goggui/bin$ ./gogui-regress ~/Documents/cs496/presubmission/assignment1/Go0.py ~/Doccuments/cs496/presubmission/assignment1/assignment1-public-tests.gtp[A[A[3Ptar -cvzf assignment1.tgz assignment1
[K
[K[A[A[C[C[C[C[C[C[C[C[C[C[C[C[C[C[C[C[C[C[C[C[C[C[C[C[C[C[C[C[C[C[C[C[C[C[C[C[C[C[C[C[C[C[C[C[C[C[C[C[C[C[C[C[C[C[C[C[C[C[C[C[C[C[C[C[C[C[C[C[C[C[C[C[C[C[C[C[Ccp i ~/Documents/GoGui/libxslt-1.1.33/goggui/bin$ ./gogui-regress ~/Documents/cs496/presubmission/assignment1/Go0.py ~/Doccuments/cs496/presubmission/assignment1/assignment1-public-tests.gtp[A[C[C[C[C[C[C[C[C[C[C[C[C[C[C[C[C[C[C[C[C[C[C[C[C[C[C[C[C[C[C[C[C[C[C[C[C[C[C[C[C[C[C[C[C[C[C[C[C[C[C[C[C[C[C[C[C[C[C[C[C[C[C[C[C[C[C[C[C[C[C[C[C[C[C[C[C[C[C[C[A[3Ptar -cvzf assignment1.tgz assignment1
[K
[K[A[A[C[C[C[C[C[C[C[C[C[C[C[C[C[C[C[C[C[C[C[C[C[C[C[C[C[C[C[C[C[C[C[C[C[C[C[C[C[C[C[C[C[C[C[C[C[C[C[C[C[C[C[C[C[C[C[C[C[C[C[C[C[C[C[C[C[C[C[C[C[C[C[C[C[C[C[C[Ccp i ~/Documents/GoGui/libxslt-1.1.33/goggui/bin$ ./gogui-regress ~/Documents/cs496/presubmission/assignment1/Go0.py ~/Doccuments/cs496/presubmission/assignment1/assignment1-public-tests.gtp[A[C[C[C[C[C[C[C[C[C[C[C[C[C[C[C[C[C[C[C[C[C[C[C[C[C[C[C[C[C[C[C[C[C[C[C[C[C[C[C[C[C[C[C[C[C[C[C[C[C[C[C[C[C[C[C[C[C[C[C[C[C[C[C[C[C[C[C[C[C[C[C[C[C[C[C[C[C[C[C[A[C[C[C[C[K
[K
[K[A[A[C[C[C[C[C[C[C[C[C[C[C[C[C[C[C[C[C[C[C[C[C[C[C[C[C[C[C[C[C[C[C[C[C[C[C[C[C[C[C[Ccp -i assignment1.tgz pre[K[K[Kpresubmission
user@csvm-Virtualbox:~/Documents/cs496$ cd presubmission
user@csvm-Virtualbox:~/Documents/cs496/presubmission$ tar -xvzf assignment1.tgz
assignment1/
assignment1/gtp_connection.py
assignment1/simple_board.py
assignment1/Go0.py
assignment1/board_util.py
assignment1/test_simple_board.py
assignment1/test_board_util.py
assignment1/assignment1-public-tests.gtp
user@csvm-Virtualbox:~/Documents/cs496/presubmission$ cd assignment1
user@csvm-Virtualbox:~/Documents/cs496/presubmission/assignment1$ ls
assignment1-public-tests.gtp  gtp_connection.py   test_simple_board.py
board_util.py		      simple_board.py
Go0.py			      test_board_util.py
user@csvm-Virtualbox:~/Documents/cs496/presubmission/assignment1$ lscd assignment1 [A[C[C[C[C[C[C[C[C[C[C[C[C[C[C[C[C[C[C[C[C[C[C[C[C[C[C[C[C[C[C[C[C[C[C[C[C[C[C[C[C[C[C[C[C[C[C[C[C[C[C[C[C[C[C[C[C[C[C[C[C[C[C[C[C[C[Ctar -xvzf assiggnment1.tgz[A[C[C[C[C[C[C[C[C[C[C[C[C[C[C[C[C[C[C[C[C[C[C[C[C[C[C[C[C[C[C[C[C[C[C[C[C[C[C[C[C[C[C[C[C[C[C[C[C[C[C[C[C[C[C[Ccd presubmissio[C[K[A[C[C[C[C[C[C[C[C[C[C[C[C[C[C[C[C[C[C[C[C[C[C[C[C[C[C[C[C[C[C[C[C[C[C[C[C[C[C[C[C[C[C[C[C[C[C[C[C[C[C[C[C[C[C[C[C[C[C[C[C[C[C[C[C[Cp -i assignment1.tgz presubmission[A[C[C[C[C[C[C[C[C[C[C[C[C[C[C[C[C[C[C[C[C[C[C[C[C[C[C[C[C[C[C[C[C[C[C[C[C[C[C[C[C[C[C[C[C[C[C[C[Ci ~/Documents/GoGui/libxslt-1.1.33/gogui/bin$ ./gogui-regress ~/Documents/cs496/presubmissioon/assignment1/Go0.py ~/Documents/cs496/presubmission/assignment1/assignment1-pubblic-tests.gtp[A[C[C[C[C[C[C[C[C[C[C[C[C[C[C[C[C[C[C[C[C[C[C[C[C[C[C[C[C[C[C[C[C[C[C[C[C[C[C[C[C[C[C[C[C[C[C[C[C[C[C[C[C[C[C[C[C[C[C[C[C[C[C[C[C[C[C[C[C[C[C[C[C[C[C[C[C[C[C[C[A[C[C[C[C[C[C[C[C[C[C[C[C[C[C[C[C[C[C[C[C[C[C[C[C[C[C[C[C[C[C[C[C[C[C[C[C[C[C[C[C[C[C[C[C[C[C[C[C[C[C[C[C[C[C[C[C[C[C[C[C[C[C[C[C[C[C[C[C[C[C[C[C[C[C[C[C[C[C[C[A[C[C[C[C[C[C[C[C[C[C[C[C[C[C[C[C[C[C[C[C[C[C[C[C[C[C[C[C[C[C[C[C[C[C[C[C[C[C[C[C[C[C[C[C[C[C[C[C[C[C[C[C[C[C[C[C[C[C[C[C[C[C[C[C[C[C[C[C[C[C[C[C[C[C[C[C[C[C[C[C[C ~/Documents/GoGui/libxslt-1.1.33/gogui/bin$ ./gogui-regress ~/Documents/cs496/presubmission/assignment1/Go0.py ~/Documents/cs496/presubmission/assignment1/assignment1-publ[1Pic-tests.gtp[A[A[A[C[C[C[C[C[C[C[C[C[C[C[C[C[C[C[C[C[C[C[C[C[C[C[C[C[C[C[C[C[C[C[C[C[C[C[C[C[C[C[C[C[C[C[C[C[C[C[C[C[C[C[C[C[C[C[C~/Documents/GoGui/libxslt-1.1.33/gogui/bin$ ./gogui-regress ~/Documents/cs496/presubmission/assignment1/Go0.py ~/Documents/cs496/presubmission/assignment1/assignment1-publi[1Pc-tests.gtp[A[A[A[C[C[C[C[C[C[C[C[C[C[C[C[C[C[C[C[C[C[C[C[C[C[C[C[C[C[C[C[C[C[C[C[C[C[C[C[C[C[C[C[C[C[C[C[C[C[C[C[C[C[C[C[C[C[C[C ~/Documents/GoGui/libxslt-1.1.33/gogui/bin$ ./gogui-regress ~/Documents/cs496/presubmission/assignment1/Go0.py ~/Documents/cs496/presubmission/assignment1/assignment1-public[1P-tests.gtp[A[A[A[C[C[C[C[C[C[C[C[C[C[C[C[C[C[C[C[C[C[C[C[C[C[C[C[C[C[C[C[C[C[C[C[C[C[C[C[C[C[C[C[C[C[C[C[C[C[C[C[C[C[C[C[C[C[C[C ~/Documents/GoGui/libxslt-1.1.33/gogui/bin$ ./gogui-regress ~/Documents/cs496/presubmission/as[Cignment1/Go0.py ~/Documents/cs496/presubmission/assignment1/assignment1-public-[1Ptests.gtp[A[A[A[C[C[C[C[C[C[C[C[C[C[C[C[C[C[C[C[C[C[C[C[C[C[C[C[C[C[C[C[C[C[C[C[C[C[C[C[C[C[C[C[C[C[C[C[C[C[C[C[C[C[C[C[C[C[C[C. ~/Documents/GoGui/libxslt-1.1.33/gogui/bin$ ./gogui-regress ~/Documents/cs496/presubmission/a[Csignment1/Go0.py ~/Documents/cs496/presubmission/assignment1/assignment1-public-tests.gtp[A[A[A[C[C[C[C[C[C[C[C[C[C[C[C[C[C[C[C[C[C[C[C[C[C[C[C[C[C[C[C[C[C[C[C[C[C[C[C[C[C[C[C[C[C[C[C[C[C[C[C[C[C[C[C[C[C[C[C/ ~/Documents/GoGui/libxslt-1.1.33/gogui/bin$ ./gogui-regress ~/Documents/cs496/presubmission/assignment1/Go0.py ~/Documents/cs496/presubmission/assignment1/assignment1-public-tests.gtp[A[A[A[C[C[C[C[C[C[C[C[C[C[C[C[C[C[C[C[C[C[C[C[C[C[C[C[C[C[C[C[C[C[C[C[C[C[C[C[C[C[C[C[C[C[C[C[C[C[C[C[C[C[C[C[C[C[C[C[C ~/Documents/GoGui/libxslt-1.1.33/gogui/bin$ ./gogui-regress ~/Documents/cs496/presubmission/assignment1/Go0.py ~/Documents/cs496/presubmission/assignment1/assignment1-public[1P-tests.gtp[A[A[A[C[C[C[C[C[C[C[C[C[C[C[C[C[C[C[C[C[C[C[C[C[C[C[C[C[C[C[C[C[C[C[C[C[C[C[C[C[C[C[C[C[C[C[C[C[C[C[C[C[C[C[C[C[C[C[C ~/Documents/GoGui/libxslt-1.1.33/gogui/bin$ ./gogui-regress ~/Documents/cs496/presubmission/as[Cignment1/Go0.py ~/Documents/cs496/presubmission/assignment1/assignment1-public-[1Ptests.gtp[A[A[A[C[C[C[C[C[C[C[C[C[C[C[C[C[C[C[C[C[C[C[C[C[C[C[C[C[C[C[C[C[C[C[C[C[C[C[C[C[C[C[C[C[C[C[C[C[C[C[C[C[C[C[C[C[C[C[C[C~/Documents/GoGui/libxslt-1.1.33/gogui/bin$ ./gogui-regress ~/Documents/cs496/presubmission/assignment1/Go0.py ~/Documents/cs496/presubmission/assignment1/assignment1-public-t[1Pests.gtp[A[A[A[C[C[C[C[C[C[C[C[C[C[C[C[C[C[C[C[C[C[C[C[C[C[C[C[C[C[C[C[C[C[C[C[C[C[C[C[C[C[C[C[C[C[C[C[C[C[C[C[C[C[C[C[C[C[C[C[C[C[C[C[C[C[C[C[C[C[C[C[C[C
[C[C[A[C[C[C[C[C[C[C[C[C[C[C[C[C[C[C[C[C[C[C[C[C[C[C[C[C[C[C[C[C[C[C[C[C[C[C[C[C[C[C[C[C[C[C[C[C[C[C[C[C[C[C[C[C[C[C[C[C[C[C[C[C[C[C[C[C[C[C[C[C[C[C[C[C[C[C[C[C[C[C[C[C[C[C[C[C[C[C[C[C[C[C[C[C[C[C[C[C[C[C[C[C[C[C[C[C[C[C
[C[C[C[C[C[C[C[C[C[C[C[C[C[C[C[C[C[C[C[C[C[C[C[C[C[C[C[C[C ./gogui-regress ~/Documents/cs496/presubmission/assignment1/Go0.py ~/Documents/cs496/presubmission/assignment1/assignment1-public-te[1Psts.gtp[A[A[C[C[C[C[C[C[C[C[C[C[C[C[C[C[C[C[C[C[C[C[C[C[C/gogui-regress ~/Documents/cs496/presubmission/assignment1/Go0.py ~/Documents/cs496/presubmission/assignment1/assignment1-public-tes[1Pts.gtp[A[A[C[C[C[C[C[C[C[C[C[C[C[C[C[C[C[C[C[C[C[C[C[C/gogui-regress ~/Documents/cs496/presubmission/assignment1/Go0.py ~/Documents/cs496/presubmission/assignment1/assignment1-public-test[1Ps.gtp[A[A[C[C[C[C[C[C[C[C[C[C[C[C[C[C[C[C[C[C[C[C[C[C[C[C[C[C[C[C[C[C[C[C[C[C[C[C[C[C[A[C[C[C[C[C[C[C[C[C[C[C[C[C[C[C[C[C[C[C[C[C[C[C[C[C[C[C[C[C[C[C[C[C[C[C[C[C[C[C[C[C[C[C[C[C[C[C[C[C[C[C[C[C[C[C[C[C[C[C[C[C[C[C[C[C[C[C[C[C[C[C[C[C[C[C[C[C[C[C.~/Documents/GoGui/libxslt-1.1.33/gogui/bin/gogui-regress ~/Documents/cs496/presubmission/assignment1/Go0.py ~/Documents/cs496/presubmission/assignment1/assignment1-public-tests.gtp[A[A[A[C[C[C[C[C[C[C[C[C[C[C[C[C[C[C[C[C[C[C[C[C[C[C[C[C[C[C[C[C[C[C[C[C[C[C[C[C[C[C[C[C[C[C[C[C[C[C[C[C[C[C[C[C[C[C[C[C[C[C[C[C[C[C[C[C[C[C[C[C[C[C[C
[C[C[C[C[C[C[C[C[C[C[C[C[C[C[C[C[C[C[C[C[C[C[C[C[C[C[C[C[C[C[C[C[C[C[C[C[C[C[C[C[C[C[C[C[C[C[C[C[C[C[C[C[C[C[C[C[C[C[C[C[C[C[C[C[C[C[C[C[C[C[C[C[C[C[C[C[C[C[C
[C[C[C[C[C[C[C[C[C[C[C[C[C[C[C[C[C[C[C[C[C[C[C[C[C[C[C[C[C[C[C[C[C[C[C[C[C[C[C[C[C[C[C[C[C[C[C[C[C

bash: .~/Documents/GoGui/libxslt-1.1.33/gogui/bin/gogui-regress: No such file or directory
user@csvm-Virtualbox:~/Documents/cs496/presubmission/assignment1$ .~/Documents/GooGui/libxslt-1.1.33/gogui/bin/gogui-regress ~/Documents/cs496/presubmission/assiggnment1/Go0.py ~/Documents/cs496/presubmission/assignment1/assignment1-public-tessts.gtp[A[C[C[C[C[C[C[C[C[C[C[C[C[C[C[C[C[C[C[C[C[C[C[C[C[C[C[C[C[C[C[C[C[C[C[C[C[C[C[C[C[C[C[C[C[C[C[C[C[C[C[C[C[C[C[C[C[C[C[C[C[C[C[C[C[C[C[C[C[C[C[C[C[C[C[C[C[C[C[C[A[C[C[C[C[C[C[C[C[C[C[C[C[C[C[C[C[C[C[C[C[C[C[C[C[C[C[C[C[C[C[C[C[C[C[C[C[C[C[C[C[C[C[C[C[C[C[C[C[C[C[C[C[C[C[C[C[C[C[C[C[C[C[C[C[C[C[C[C[C[C[C[C[C[C[C[C[C[C[C[A[C[C[C[C[C[C[C[C[C[C[C[C[C[C[C[C[C[C[C[C[C[C[C[C[C[C[C[C[C[C[C[C[C[C[C[C[C[C[C[C[C[C[C[C[C[C[C[C[C[C[C[C[C[C[C[C[C[C[C[C[C[C[C[C[C[C[C[C[C[C[C[C[C[C[C[C[C[C[C/Documents/GoGui/libxslt-1.1.33/gogui/bin/gogui-regress ~/Documents/cs496/presubmission/assignment1/Go0.py ~/Documents/cs496/presubmission/assignment1/assignment1-public-test[1Ps.gtp[A[A[A[C[C[C[C[C[C[C[C[C[C[C[C[C[C[C[C[C[C[C[C[C[C[C[C[C[C[C[C[C[C[C[C[C[C[C[C[C[C[C[C[C[C[C[C[C[C[C[C[C[C[C[C[C[C[C[C[C[C[C[C[C



bash: ./Documents/GoGui/libxslt-1.1.33/gogui/bin/gogui-regress: No such file or directory
user@csvm-Virtualbox:~/Documents/cs496/presubmission/assignment1$ ./Documents/GoGGui/libxslt-1.1.33/gogui/bin/gogui-regress ~/Documents/cs496/presubmission/assignnment1/Go0.py ~/Documents/cs496/presubmission/assignment1/assignment1-public-testts.gtp[A[C[C[C[C[C[C[C[C[C[C[C[C[C[C[C[C[C[C[C[C[C[C[C[C[C[C[C[C[C[C[C[C[C[C[C[C[C[C[C[C[C[C[C[C[C[C[C[C[C[C[C[C[C[C[C[C[C[C[C[C[C[C[C[C[C[C[C[C[C[C[C[C[C[C[C[C[C[C[C[A[C[C[C[C[C[C[C[C[C[C[C[C[C[C[C[C[C[C[C[C[C[C[C[C[C[C[C[C[C[C[C[C[C[C[C[C[C[C[C[C[C[C[C[C[C[C[C[C[C[C[C[C[C[C[C[C[C[C[C[C[C[C[C[C[C[C[C[C[C[C[C[C[C[C[C[C[C[C[C[A[C[C[C[C[C[C[C[C[C[C[C[C[C[C[C[C[C[C[C[C[C[C[C[C[C[C[C[C[C[C[C[C[C[C[C[C[C[C[C[C[C[C[C[C[C[C[C[C[C[C[C[C[C[C[C[C[C[C[C[C[C[C[C[C[C[C[C[C[C[C[C[C[C[C[C[C[C[C[C/Documents/GoGui/libxslt-1.1.33/gogui/bin/gogui-regress ~/Documents/cs496/presubmission/assignment1/Go0.py ~/Documents/cs496/presubmission/assignment1/assignment1-public-tests[1P.gtp[A[A[A[C[C[C[C[C[C[C[C[C[C[C[C[C[C[C[C[C[C[C[C[C[C[C[C[C[C[C[C[C[C[C[C[C[C[C[C[C[C[C[C[C[C[C[C[C[C[C[C[C[C[C[C[C[C[C[C[C[C[C[C[C~/Documents/GoGui/libxslt-1.1.33/gogui/bin/gogui-regress ~/Documents/cs496/presubmission/assignment1/Go0.py ~/Documents/cs496/presubmission/assignment1/assignment1-public-tests.gtp[A[A[A[C[C[C[C[C[C[C[C[C[C[C[C[C[C[C[C[C[C[C[C[C[C[C[C[C[C[C[C[C[C[C[C[C[C[C[C[C[C[C[C[C[C[C[C[C[C[C[C[C[C[C[C[C[C[C[C[C[C[C[C[C



user@csvm-Virtualbox:~/Documents/cs496/presubmission/assignment1$ exit
exit

Script done on Mon 28 Jan 2019 12:14:58 AM MST
